pwb-script.sh test run — 2026-04-24T15:22Z
=============================================

Script completed successfully (exit 0).
All resources created with dummy values for verification.

================================================================================
OIDC APP REGISTRATION
================================================================================

Display name:            test-pwb-script-cleanup-1777044151
App (client) ID:         bf75b86c-acc1-4a54-942c-93f0a89c5d18
Object ID:               5be0a488-a584-4b3f-a93b-eb42049825a6
Sign-in audience:        AzureADMyOrg
Group membership claims: SecurityGroup
Created:                 2026-04-24T15:22:33Z

Web settings:
  Redirect URIs:         https://dummy-workbench.example.com/openid/callback
  ID token issuance:     true
  Access token issuance: false

Optional claims (idToken):
  - email (essential: false)
  - preferred_username (essential: false)

Password credentials:
  Display name:          test-secret
  Key ID:                08a20bb5-3828-4a76-8d16-5d2e2616496d
  Hint:                  -XP
  Valid:                 2026-04-24 to 2028-04-24

Required resource access (Microsoft Graph delegated):
  - openid          (37f7f235-527c-4136-accd-4a02d197296e) Scope
  - email           (64a6cdd6-aab1-4aaf-94b8-3cc8405e90d0) Scope
  - profile         (14dad69e-099b-42c9-810b-d002981feec1) Scope
  - offline_access  (7427e0e9-2fba-42fe-b0c0-848c9e6a818b) Scope
  - User.Read       (e1fe6dd8-ba31-4d61-89e7-88639da4683d) Scope

Owners:
  - Sam Cofer (sam.cofer@posit.co) — 1244eb34-fed9-472a-a4b8-00d55c446ba1

================================================================================
OIDC SERVICE PRINCIPAL (Enterprise App)
================================================================================

Display name:            test-pwb-script-cleanup-1777044151
Object ID:               f50c14a9-6393-4133-b0c5-0eb793bb0b2a
App ID:                  bf75b86c-acc1-4a54-942c-93f0a89c5d18
Type:                    Application
Account enabled:         true
App role assignment req: false
Sign-in audience:        AzureADMyOrg
Created:                 2026-04-24T15:22:38Z
Reply URLs:              https://dummy-workbench.example.com/openid/callback
Tags:                    (none)

================================================================================
SCIM APP REGISTRATION
================================================================================

Display name:            test-pwb-scim-cleanup-1777044151
App (client) ID:         262618c7-86d7-4f99-b505-434a01bfc2c2
Object ID:               4f985343-3077-4b63-817d-81383d9b4254
Template ID:             8adf8e6e-67b2-4cf2-a259-e3dc5476c621
Sign-in audience:        AzureADMyOrg
Group membership claims: null
Created:                 2026-04-24T15:22:42Z

App roles:
  - User (18d14569-c3bd-439b-9a66-3a2aee01d14f)
  - msiam_access (b9632174-c057-4f7e-951b-be3adc52bfe6)

OAuth2 permission scopes:
  - user_impersonation (90fa1eaf-a98f-4bf0-a79b-6785c4fbe61b)

Web settings:
  Home page URL:         https://account.activedirectory.windowsazure.com:444/applications/default.aspx?metadata=customappsso|ISV9.1|primary|z
  ID token issuance:     true
  Access token issuance: false

================================================================================
SCIM SERVICE PRINCIPAL (Enterprise App)
================================================================================

Display name:            test-pwb-scim-cleanup-1777044151
Object ID:               40a2998a-0a75-4bef-8043-726587ecd49a
App ID:                  262618c7-86d7-4f99-b505-434a01bfc2c2
Template ID:             8adf8e6e-67b2-4cf2-a259-e3dc5476c621
Type:                    Application
Account enabled:         true
App role assignment req: true
Sign-in audience:        AzureADMyOrg
Created:                 2026-04-24T15:22:42Z

Tags:
  - WindowsAzureActiveDirectoryCustomSingleSignOnApplication
  - WindowsAzureActiveDirectoryIntegratedApp

Owners:
  - Sam Cofer (sam.cofer@posit.co) — 1244eb34-fed9-472a-a4b8-00d55c446ba1

================================================================================
SCIM SYNCHRONIZATION JOB
================================================================================

Job ID:                  scim.b0b52785d0b54b72a6d013ac07ebbbd7.262618c7-86d7-4f99-b505-434a01bfc2c2
Template ID:             scim
Schedule interval:       PT40M
Schedule state:          Disabled
Status code:             Paused
Last execution:          (none)

Job settings:
  AzureIngestionAttributeOptimization: True
  LookaheadQueryEnabled:               False

================================================================================
VERIFICATION SUMMARY
================================================================================

[PASS] OIDC app created with correct displayName, audience, groupMembershipClaims
[PASS] Web redirect URI set correctly
[PASS] Implicit grant: ID token enabled, access token disabled
[PASS] Optional claims: email + preferred_username on idToken
[PASS] All 5 delegated permissions (openid, email, profile, offline_access, User.Read) present
[PASS] Client secret created (non-destructive addPassword), 2-year expiry
[PASS] Signed-in user set as OIDC app owner
[PASS] OIDC service principal created and enabled
[PASS] SCIM app created from non-gallery template 8adf8e6e
[PASS] SCIM service principal available and enabled
[PASS] Signed-in user set as SCIM SP owner
[PASS] SCIM synchronization job created (status: Paused, as expected with WB_START_SCIM=No)
[PASS] SCIM secrets (BaseAddress + SecretToken) saved without error
